Microsoft Windows [Version 10.0.19043.1165]
(c) Microsoft Corporation. All rights reserved.

C:\Users\ADAJHA>node -v
v16.14.2

C:\Users\ADAJHA>npm -v
8.5.0

C:\Users\ADAJHA>npm help
npm <command>

Usage:

npm install        install all the dependencies in your project
npm install <foo>  add the <foo> dependency to your project
npm test           run this project's tests
npm run <foo>      run the script named <foo>
npm <command> -h   quick help on <command>
npm -l             display usage info for all commands
npm help <term>    search for help on <term> (in a browser)
npm help npm       more involved overview (in a browser)

All commands:

    access, adduser, audit, bin, bugs, cache, ci, completion,
    config, dedupe, deprecate, diff, dist-tag, docs, doctor,
    edit, exec, explain, explore, find-dupes, fund, get, help,
    hook, init, install, install-ci-test, install-test, link,
    ll, login, logout, ls, org, outdated, owner, pack, ping,
    pkg, prefix, profile, prune, publish, rebuild, repo,
    restart, root, run-script, search, set, set-script,
    shrinkwrap, star, stars, start, stop, team, test, token,
    uninstall, unpublish, unstar, update, version, view, whoami

Specify configs in the ini-formatted file:
    C:\Users\ADAJHA\.npmrc
or on the command line via: npm <command> --key=value

More configuration info: npm help config
Configuration fields: npm help 7 config

npm@8.5.0 C:\Nodejs\node_modules\npm

C:\Users\ADAJHA>npm install -h
npm install

Install a package

Usage:
npm install [<@scope>/]<pkg>
npm install [<@scope>/]<pkg>@<tag>
npm install [<@scope>/]<pkg>@<version>
npm install [<@scope>/]<pkg>@<version range>
npm install <alias>@npm:<name>
npm install <folder>
npm install <tarball file>
npm install <tarball url>
npm install <git:// url>
npm install <github username>/<github project>

Options:
[-S|--save|--no-save|--save-prod|--save-dev|--save-optional|--save-peer|--save-bundle]
[-E|--save-exact] [-g|--global] [--global-style] [--legacy-bundling]
[--strict-peer-deps] [--no-package-lock]
[--omit <dev|optional|peer> [--omit <dev|optional|peer> ...]] [--ignore-scripts]
[--no-audit] [--no-bin-links] [--no-fund] [--dry-run]
[-w|--workspace <workspace-name> [-w|--workspace <workspace-name> ...]]
[-ws|--workspaces] [--include-workspace-root]

aliases: i, in, ins, inst, insta, instal, isnt, isnta, isntal, add

Run "npm help install" for more info

C:\Users\ADAJHA>npm init
This utility will walk you through creating a package.json file.
It only covers the most common items, and tries to guess sensible defaults.

See `npm help init` for definitive documentation on these fields
and exactly what they do.

Use `npm install <pkg>` afterwards to install a package and
save it as a dependency in the package.json file.

Press ^C at any time to quit.
package name: (adajha)
version: (1.0.0)
description:
entry point: (.mongorc.js)
test command:
git repository:
keywords:
author:
license: (ISC)
About to write to C:\Users\ADAJHA\package.json:

{
  "name": "adajha",
  "version": "1.0.0",
  "description": "",
  "main": ".mongorc.js",
  "scripts": {
    "test": "echo \"Error: no test specified\" && exit 1"
  },
  "author": "",
  "license": "ISC"
}


Is this OK? (yes)
npm notice
npm notice New minor version of npm available! 8.5.0 -> 8.12.2
npm notice Changelog: https://github.com/npm/cli/releases/tag/v8.12.2
npm notice Run npm install -g npm@8.12.2 to update!
npm notice

C:\Users\ADAJHA>npm list
adajha@1.0.0 C:\Users\ADAJHA
`-- (empty)


C:\Users\ADAJHA>npm init --yes
Wrote to C:\Users\ADAJHA\package.json:

{
  "name": "adajha",
  "version": "1.0.0",
  "main": ".mongorc.js",
  "scripts": {
    "test": "echo \"Error: no test specified\" && exit 1"
  },
  "author": "",
  "license": "ISC",
  "keywords": [],
  "description": ""
}



C:\Users\ADAJHA>npm install moment -g

added 1 package, and audited 2 packages in 19s

found 0 vulnerabilities

C:\Users\ADAJHA>npm list
adajha@1.0.0 C:\Users\ADAJHA
`-- (empty)


C:\Users\ADAJHA>npm install lodash --save

added 1 package, and audited 2 packages in 4s

found 0 vulnerabilities

C:\Users\ADAJHA>